main.c:97:6:HAL_GPIO_EXTI_Callback	16	static
main.c:131:6:HAL_TIM_PeriodElapsedCallback	24	static
main.c:152:6:HAL_UART_RxCpltCallback	16	static
main.c:173:6:HAL_UART_TxCpltCallback	16	static
main.c:183:6:Command_parser	32	static
main.c:258:6:Spin_M1	16	static
main.c:272:6:Spin_M2	16	static
main.c:285:6:Spin_M3	16	static
main.c:299:6:Spin_M4	16	static
main.c:311:6:Driver	8	static
main.c:341:5:main	8	static
main.c:418:6:SystemClock_Config	88	static
main.c:462:13:MX_TIM2_Init	64	static
main.c:521:13:MX_TIM3_Init	64	static
main.c:580:13:MX_TIM4_Init	64	static
main.c:643:13:MX_TIM5_Init	32	static
main.c:688:13:MX_USART6_UART_Init	8	static
main.c:721:13:MX_GPIO_Init	48	static
main.c:774:6:Error_Handler	4	static,ignoring_inline_asm
